// Jest Snapshot v1, https://goo.gl/fbAQLP

exports[`List Render & Snapshot 1`] = `
<View
  style={
    {
      "flex": 1,
    }
  }
>
  <RCTScrollView
    contentContainerStyle={
      {
        "paddingBottom": 16,
      }
    }
    data={
      [
        {
          "id": "1",
          "text": "Item 1",
        },
        {
          "id": "2",
          "text": "Item 2",
        },
        {
          "id": "3",
          "text": "Item 3",
        },
      ]
    }
    estimatedItemSize={50}
    getItem={[Function]}
    getItemCount={[Function]}
    keyExtractor={[Function]}
    onContentSizeChange={[Function]}
    onLayout={[Function]}
    onMomentumScrollBegin={[Function]}
    onMomentumScrollEnd={[Function]}
    onScroll={[Function]}
    onScrollBeginDrag={[Function]}
    onScrollEndDrag={[Function]}
    overScrollMode="always"
    removeClippedSubviews={false}
    renderItem={[Function]}
    scrollEventThrottle={0.0001}
    showsHorizontalScrollIndicator={true}
    showsVerticalScrollIndicator={true}
    stickyHeaderIndices={[]}
    testID="list"
    viewabilityConfigCallbackPairs={[]}
  >
    <View>
      <View
        onFocusCapture={[Function]}
        onLayout={[Function]}
        style={null}
      >
        <Text
          style={
            [
              {
                "color": "#000501",
                "fontSize": 20,
                "lineHeight": 24,
              },
            ]
          }
        >
          Item 1
        </Text>
      </View>
      <View
        onFocusCapture={[Function]}
        onLayout={[Function]}
        style={null}
      >
        <Text
          style={
            [
              {
                "color": "#000501",
                "fontSize": 20,
                "lineHeight": 24,
              },
            ]
          }
        >
          Item 2
        </Text>
      </View>
      <View
        onFocusCapture={[Function]}
        onLayout={[Function]}
        style={null}
      >
        <Text
          style={
            [
              {
                "color": "#000501",
                "fontSize": 20,
                "lineHeight": 24,
              },
            ]
          }
        >
          Item 3
        </Text>
      </View>
    </View>
  </RCTScrollView>
</View>
`;
