// Jest Snapshot v1, https://goo.gl/fbAQLP

exports[`ThemedSeparator Render & Snapshot 1`] = `
<View
  style={
    {
      "flex": 1,
    }
  }
>
  <View
    accessible={true}
    role="group"
    style={
      [
        {
          "alignSelf": "stretch",
          "backgroundColor": "#c4c4c4",
          "height": 1,
        },
      ]
    }
  />
</View>
`;
