// Jest Snapshot v1, https://goo.gl/fbAQLP

exports[`ThemedText Render & Snapshot 1`] = `
<View
  style={
    {
      "flex": 1,
    }
  }
>
  <Text
    style={
      [
        {
          "color": "#000501",
          "fontSize": 20,
          "lineHeight": 24,
        },
      ]
    }
  >
    Hello World
  </Text>
</View>
`;
